H1L1-BANK2HDF_SPLITBANK_BANK0_INJECTIONS-1173902418-746582.hdf file:///cvmfs/ligo.osgstorage.org/pycbc/O2/open-box/analysis-10/C02-clean/bank/H1L1-BANK2HDF_SPLITBANK_BANK0_INJECTIONS-1173902418-746582.hdf pool="osg"
H1L1-BANK2HDF_SPLITBANK_BANK0_INJECTIONS-1173902418-746582.hdf gsiftp://ldas-osg.ligo.caltech.edu/hdfs/user/joshua.willis/pycbc/O2/open-box/analysis-10/C02-clean/bank/H1L1-BANK2HDF_SPLITBANK_BANK0_INJECTIONS-1173902418-746582.hdf pool="osg"
H1L1-BANK2HDF_SPLITBANK_BANK1_INJECTIONS-1173902418-746582.hdf file:///cvmfs/ligo.osgstorage.org/pycbc/O2/open-box/analysis-10/C02-clean/bank/H1L1-BANK2HDF_SPLITBANK_BANK1_INJECTIONS-1173902418-746582.hdf pool="osg"
H1L1-BANK2HDF_SPLITBANK_BANK1_INJECTIONS-1173902418-746582.hdf gsiftp://ldas-osg.ligo.caltech.edu/hdfs/user/joshua.willis/pycbc/O2/open-box/analysis-10/C02-clean/bank/H1L1-BANK2HDF_SPLITBANK_BANK1_INJECTIONS-1173902418-746582.hdf pool="osg"
H1L1-BANK2HDF_SPLITBANK_BANK2_INJECTIONS-1173902418-746582.hdf file:///cvmfs/ligo.osgstorage.org/pycbc/O2/open-box/analysis-10/C02-clean/bank/H1L1-BANK2HDF_SPLITBANK_BANK2_INJECTIONS-1173902418-746582.hdf pool="osg"
H1L1-BANK2HDF_SPLITBANK_BANK2_INJECTIONS-1173902418-746582.hdf gsiftp://ldas-osg.ligo.caltech.edu/hdfs/user/joshua.willis/pycbc/O2/open-box/analysis-10/C02-clean/bank/H1L1-BANK2HDF_SPLITBANK_BANK2_INJECTIONS-1173902418-746582.hdf pool="osg"
H1L1-BANK2HDF_SPLITBANK_BANK3_INJECTIONS-1173902418-746582.hdf file:///cvmfs/ligo.osgstorage.org/pycbc/O2/open-box/analysis-10/C02-clean/bank/H1L1-BANK2HDF_SPLITBANK_BANK3_INJECTIONS-1173902418-746582.hdf pool="osg"
H1L1-BANK2HDF_SPLITBANK_BANK3_INJECTIONS-1173902418-746582.hdf gsiftp://ldas-osg.ligo.caltech.edu/hdfs/user/joshua.willis/pycbc/O2/open-box/analysis-10/C02-clean/bank/H1L1-BANK2HDF_SPLITBANK_BANK3_INJECTIONS-1173902418-746582.hdf pool="osg"
H1L1-BANK2HDF_SPLITBANK_BANK4_INJECTIONS-1173902418-746582.hdf file:///cvmfs/ligo.osgstorage.org/pycbc/O2/open-box/analysis-10/C02-clean/bank/H1L1-BANK2HDF_SPLITBANK_BANK4_INJECTIONS-1173902418-746582.hdf pool="osg"
H1L1-BANK2HDF_SPLITBANK_BANK4_INJECTIONS-1173902418-746582.hdf gsiftp://ldas-osg.ligo.caltech.edu/hdfs/user/joshua.willis/pycbc/O2/open-box/analysis-10/C02-clean/bank/H1L1-BANK2HDF_SPLITBANK_BANK4_INJECTIONS-1173902418-746582.hdf pool="osg"
H1L1-BANK2HDF_SPLITBANK_BANK5_INJECTIONS-1173902418-746582.hdf file:///cvmfs/ligo.osgstorage.org/pycbc/O2/open-box/analysis-10/C02-clean/bank/H1L1-BANK2HDF_SPLITBANK_BANK5_INJECTIONS-1173902418-746582.hdf pool="osg"
H1L1-BANK2HDF_SPLITBANK_BANK5_INJECTIONS-1173902418-746582.hdf gsiftp://ldas-osg.ligo.caltech.edu/hdfs/user/joshua.willis/pycbc/O2/open-box/analysis-10/C02-clean/bank/H1L1-BANK2HDF_SPLITBANK_BANK5_INJECTIONS-1173902418-746582.hdf pool="osg"
H1L1-BANK2HDF_SPLITBANK_BANK6_INJECTIONS-1173902418-746582.hdf file:///cvmfs/ligo.osgstorage.org/pycbc/O2/open-box/analysis-10/C02-clean/bank/H1L1-BANK2HDF_SPLITBANK_BANK6_INJECTIONS-1173902418-746582.hdf pool="osg"
H1L1-BANK2HDF_SPLITBANK_BANK6_INJECTIONS-1173902418-746582.hdf gsiftp://ldas-osg.ligo.caltech.edu/hdfs/user/joshua.willis/pycbc/O2/open-box/analysis-10/C02-clean/bank/H1L1-BANK2HDF_SPLITBANK_BANK6_INJECTIONS-1173902418-746582.hdf pool="osg"
H1L1-BANK2HDF_SPLITBANK_BANK7_INJECTIONS-1173902418-746582.hdf file:///cvmfs/ligo.osgstorage.org/pycbc/O2/open-box/analysis-10/C02-clean/bank/H1L1-BANK2HDF_SPLITBANK_BANK7_INJECTIONS-1173902418-746582.hdf pool="osg"
H1L1-BANK2HDF_SPLITBANK_BANK7_INJECTIONS-1173902418-746582.hdf gsiftp://ldas-osg.ligo.caltech.edu/hdfs/user/joshua.willis/pycbc/O2/open-box/analysis-10/C02-clean/bank/H1L1-BANK2HDF_SPLITBANK_BANK7_INJECTIONS-1173902418-746582.hdf pool="osg"
H1L1-BANK2HDF-1173902418-746582.hdf file:///hdfs/user/joshua.willis/pycbc/O2/open-box/analysis-10/C02-clean/bank/H1L1-BANK2HDF-1173902418-746582.hdf pool="local"
H1L1-BANK2HDF_SPLITBANK_BANK0_FULL_DATA-1173902418-746582.hdf file:///hdfs/user/joshua.willis/pycbc/O2/open-box/analysis-10/C02-clean/bank/H1L1-BANK2HDF_SPLITBANK_BANK0_FULL_DATA-1173902418-746582.hdf pool="local"
H1L1-BANK2HDF_SPLITBANK_BANK1_FULL_DATA-1173902418-746582.hdf file:///hdfs/user/joshua.willis/pycbc/O2/open-box/analysis-10/C02-clean/bank/H1L1-BANK2HDF_SPLITBANK_BANK1_FULL_DATA-1173902418-746582.hdf pool="local"
H1L1-BANK2HDF_SPLITBANK_BANK2_FULL_DATA-1173902418-746582.hdf file:///hdfs/user/joshua.willis/pycbc/O2/open-box/analysis-10/C02-clean/bank/H1L1-BANK2HDF_SPLITBANK_BANK2_FULL_DATA-1173902418-746582.hdf pool="local"
H1L1-BANK2HDF_SPLITBANK_BANK3_FULL_DATA-1173902418-746582.hdf file:///hdfs/user/joshua.willis/pycbc/O2/open-box/analysis-10/C02-clean/bank/H1L1-BANK2HDF_SPLITBANK_BANK3_FULL_DATA-1173902418-746582.hdf pool="local"
H1L1-BANK2HDF_SPLITBANK_BANK4_FULL_DATA-1173902418-746582.hdf file:///hdfs/user/joshua.willis/pycbc/O2/open-box/analysis-10/C02-clean/bank/H1L1-BANK2HDF_SPLITBANK_BANK4_FULL_DATA-1173902418-746582.hdf pool="local"
H1L1-BANK2HDF_SPLITBANK_BANK5_FULL_DATA-1173902418-746582.hdf file:///hdfs/user/joshua.willis/pycbc/O2/open-box/analysis-10/C02-clean/bank/H1L1-BANK2HDF_SPLITBANK_BANK5_FULL_DATA-1173902418-746582.hdf pool="local"
H1L1-BANK2HDF_SPLITBANK_BANK6_FULL_DATA-1173902418-746582.hdf file:///hdfs/user/joshua.willis/pycbc/O2/open-box/analysis-10/C02-clean/bank/H1L1-BANK2HDF_SPLITBANK_BANK6_FULL_DATA-1173902418-746582.hdf pool="local"
H1L1-BANK2HDF_SPLITBANK_BANK7_FULL_DATA-1173902418-746582.hdf file:///hdfs/user/joshua.willis/pycbc/O2/open-box/analysis-10/C02-clean/bank/H1L1-BANK2HDF_SPLITBANK_BANK7_FULL_DATA-1173902418-746582.hdf pool="local"
H1L1-BANK2HDF_SPLITBANK_BANK8_FULL_DATA-1173902418-746582.hdf file:///hdfs/user/joshua.willis/pycbc/O2/open-box/analysis-10/C02-clean/bank/H1L1-BANK2HDF_SPLITBANK_BANK8_FULL_DATA-1173902418-746582.hdf pool="local"
H1L1-BANK2HDF_SPLITBANK_BANK9_FULL_DATA-1173902418-746582.hdf file:///hdfs/user/joshua.willis/pycbc/O2/open-box/analysis-10/C02-clean/bank/H1L1-BANK2HDF_SPLITBANK_BANK9_FULL_DATA-1173902418-746582.hdf pool="local"
H1L1-BANK2HDF_SPLITBANK_BANK10_FULL_DATA-1173902418-746582.hdf file:///hdfs/user/joshua.willis/pycbc/O2/open-box/analysis-10/C02-clean/bank/H1L1-BANK2HDF_SPLITBANK_BANK10_FULL_DATA-1173902418-746582.hdf pool="local"
H1L1-BANK2HDF_SPLITBANK_BANK11_FULL_DATA-1173902418-746582.hdf file:///hdfs/user/joshua.willis/pycbc/O2/open-box/analysis-10/C02-clean/bank/H1L1-BANK2HDF_SPLITBANK_BANK11_FULL_DATA-1173902418-746582.hdf pool="local"
H1L1-BANK2HDF_SPLITBANK_BANK12_FULL_DATA-1173902418-746582.hdf file:///hdfs/user/joshua.willis/pycbc/O2/open-box/analysis-10/C02-clean/bank/H1L1-BANK2HDF_SPLITBANK_BANK12_FULL_DATA-1173902418-746582.hdf pool="local"
H1L1-BANK2HDF_SPLITBANK_BANK13_FULL_DATA-1173902418-746582.hdf file:///hdfs/user/joshua.willis/pycbc/O2/open-box/analysis-10/C02-clean/bank/H1L1-BANK2HDF_SPLITBANK_BANK13_FULL_DATA-1173902418-746582.hdf pool="local"
H1L1-BANK2HDF_SPLITBANK_BANK14_FULL_DATA-1173902418-746582.hdf file:///hdfs/user/joshua.willis/pycbc/O2/open-box/analysis-10/C02-clean/bank/H1L1-BANK2HDF_SPLITBANK_BANK14_FULL_DATA-1173902418-746582.hdf pool="local"
H1L1-BANK2HDF_SPLITBANK_BANK15_FULL_DATA-1173902418-746582.hdf file:///hdfs/user/joshua.willis/pycbc/O2/open-box/analysis-10/C02-clean/bank/H1L1-BANK2HDF_SPLITBANK_BANK15_FULL_DATA-1173902418-746582.hdf pool="local"
H1L1-BANK2HDF_SPLITBANK_BANK16_FULL_DATA-1173902418-746582.hdf file:///hdfs/user/joshua.willis/pycbc/O2/open-box/analysis-10/C02-clean/bank/H1L1-BANK2HDF_SPLITBANK_BANK16_FULL_DATA-1173902418-746582.hdf pool="local"
H1L1-BANK2HDF_SPLITBANK_BANK17_FULL_DATA-1173902418-746582.hdf file:///hdfs/user/joshua.willis/pycbc/O2/open-box/analysis-10/C02-clean/bank/H1L1-BANK2HDF_SPLITBANK_BANK17_FULL_DATA-1173902418-746582.hdf pool="local"
H1L1-BANK2HDF_SPLITBANK_BANK18_FULL_DATA-1173902418-746582.hdf file:///hdfs/user/joshua.willis/pycbc/O2/open-box/analysis-10/C02-clean/bank/H1L1-BANK2HDF_SPLITBANK_BANK18_FULL_DATA-1173902418-746582.hdf pool="local"
H1L1-BANK2HDF_SPLITBANK_BANK19_FULL_DATA-1173902418-746582.hdf file:///hdfs/user/joshua.willis/pycbc/O2/open-box/analysis-10/C02-clean/bank/H1L1-BANK2HDF_SPLITBANK_BANK19_FULL_DATA-1173902418-746582.hdf pool="local"
H1L1-BANK2HDF_SPLITBANK_BANK20_FULL_DATA-1173902418-746582.hdf file:///hdfs/user/joshua.willis/pycbc/O2/open-box/analysis-10/C02-clean/bank/H1L1-BANK2HDF_SPLITBANK_BANK20_FULL_DATA-1173902418-746582.hdf pool="local"
H1L1-BANK2HDF_SPLITBANK_BANK21_FULL_DATA-1173902418-746582.hdf file:///hdfs/user/joshua.willis/pycbc/O2/open-box/analysis-10/C02-clean/bank/H1L1-BANK2HDF_SPLITBANK_BANK21_FULL_DATA-1173902418-746582.hdf pool="local"
H1L1-BANK2HDF_SPLITBANK_BANK22_FULL_DATA-1173902418-746582.hdf file:///hdfs/user/joshua.willis/pycbc/O2/open-box/analysis-10/C02-clean/bank/H1L1-BANK2HDF_SPLITBANK_BANK22_FULL_DATA-1173902418-746582.hdf pool="local"
H1L1-BANK2HDF_SPLITBANK_BANK23_FULL_DATA-1173902418-746582.hdf file:///hdfs/user/joshua.willis/pycbc/O2/open-box/analysis-10/C02-clean/bank/H1L1-BANK2HDF_SPLITBANK_BANK23_FULL_DATA-1173902418-746582.hdf pool="local"
H1L1-BANK2HDF_SPLITBANK_BANK24_FULL_DATA-1173902418-746582.hdf file:///hdfs/user/joshua.willis/pycbc/O2/open-box/analysis-10/C02-clean/bank/H1L1-BANK2HDF_SPLITBANK_BANK24_FULL_DATA-1173902418-746582.hdf pool="local"
H1L1-BANK2HDF_SPLITBANK_BANK25_FULL_DATA-1173902418-746582.hdf file:///hdfs/user/joshua.willis/pycbc/O2/open-box/analysis-10/C02-clean/bank/H1L1-BANK2HDF_SPLITBANK_BANK25_FULL_DATA-1173902418-746582.hdf pool="local"
H1L1-BANK2HDF_SPLITBANK_BANK26_FULL_DATA-1173902418-746582.hdf file:///hdfs/user/joshua.willis/pycbc/O2/open-box/analysis-10/C02-clean/bank/H1L1-BANK2HDF_SPLITBANK_BANK26_FULL_DATA-1173902418-746582.hdf pool="local"
H1L1-BANK2HDF_SPLITBANK_BANK27_FULL_DATA-1173902418-746582.hdf file:///hdfs/user/joshua.willis/pycbc/O2/open-box/analysis-10/C02-clean/bank/H1L1-BANK2HDF_SPLITBANK_BANK27_FULL_DATA-1173902418-746582.hdf pool="local"
H1L1-BANK2HDF_SPLITBANK_BANK28_FULL_DATA-1173902418-746582.hdf file:///hdfs/user/joshua.willis/pycbc/O2/open-box/analysis-10/C02-clean/bank/H1L1-BANK2HDF_SPLITBANK_BANK28_FULL_DATA-1173902418-746582.hdf pool="local"
H1L1-BANK2HDF_SPLITBANK_BANK29_FULL_DATA-1173902418-746582.hdf file:///hdfs/user/joshua.willis/pycbc/O2/open-box/analysis-10/C02-clean/bank/H1L1-BANK2HDF_SPLITBANK_BANK29_FULL_DATA-1173902418-746582.hdf pool="local"
H1L1-BANK2HDF_SPLITBANK_BANK30_FULL_DATA-1173902418-746582.hdf file:///hdfs/user/joshua.willis/pycbc/O2/open-box/analysis-10/C02-clean/bank/H1L1-BANK2HDF_SPLITBANK_BANK30_FULL_DATA-1173902418-746582.hdf pool="local"
H1L1-BANK2HDF_SPLITBANK_BANK31_FULL_DATA-1173902418-746582.hdf file:///hdfs/user/joshua.willis/pycbc/O2/open-box/analysis-10/C02-clean/bank/H1L1-BANK2HDF_SPLITBANK_BANK31_FULL_DATA-1173902418-746582.hdf pool="local"
H1-HDF_TRIGGER_MERGE_FULL_DATA-1173902418-746582.hdf file:///hdfs/user/joshua.willis/pycbc/O2/open-box/analysis-10/C02-clean/full_data/H1-HDF_TRIGGER_MERGE_FULL_DATA-1173902418-746582.hdf pool="local"
L1-HDF_TRIGGER_MERGE_FULL_DATA-1173902418-746582.hdf file:///hdfs/user/joshua.willis/pycbc/O2/open-box/analysis-10/C02-clean/full_data/L1-HDF_TRIGGER_MERGE_FULL_DATA-1173902418-746582.hdf pool="local"
H1L1-COINC_FULL_DATA_FULL_CUMULATIVE_CAT_12H_0-1173902418-746582.hdf file:///hdfs/user/joshua.willis/pycbc/O2/open-box/analysis-10/C02-clean/full_data/H1L1-COINC_FULL_DATA_FULL_CUMULATIVE_CAT_12H_0-1173902418-746582.hdf pool="local"
H1L1-COINC_FULL_DATA_FULL_CUMULATIVE_CAT_12H_1-1173902418-746582.hdf file:///hdfs/user/joshua.willis/pycbc/O2/open-box/analysis-10/C02-clean/full_data/H1L1-COINC_FULL_DATA_FULL_CUMULATIVE_CAT_12H_1-1173902418-746582.hdf pool="local"
H1L1-COINC_FULL_DATA_FULL_CUMULATIVE_CAT_12H_2-1173902418-746582.hdf file:///hdfs/user/joshua.willis/pycbc/O2/open-box/analysis-10/C02-clean/full_data/H1L1-COINC_FULL_DATA_FULL_CUMULATIVE_CAT_12H_2-1173902418-746582.hdf pool="local"
H1L1-COINC_FULL_DATA_FULL_CUMULATIVE_CAT_12H_3-1173902418-746582.hdf file:///hdfs/user/joshua.willis/pycbc/O2/open-box/analysis-10/C02-clean/full_data/H1L1-COINC_FULL_DATA_FULL_CUMULATIVE_CAT_12H_3-1173902418-746582.hdf pool="local"
H1L1-COINC_FULL_DATA_FULL_CUMULATIVE_CAT_12H_4-1173902418-746582.hdf file:///hdfs/user/joshua.willis/pycbc/O2/open-box/analysis-10/C02-clean/full_data/H1L1-COINC_FULL_DATA_FULL_CUMULATIVE_CAT_12H_4-1173902418-746582.hdf pool="local"
H1L1-COINC_FULL_DATA_FULL_CUMULATIVE_CAT_12H_5-1173902418-746582.hdf file:///hdfs/user/joshua.willis/pycbc/O2/open-box/analysis-10/C02-clean/full_data/H1L1-COINC_FULL_DATA_FULL_CUMULATIVE_CAT_12H_5-1173902418-746582.hdf pool="local"
H1L1-COINC_FULL_DATA_FULL_CUMULATIVE_CAT_12H_6-1173902418-746582.hdf file:///hdfs/user/joshua.willis/pycbc/O2/open-box/analysis-10/C02-clean/full_data/H1L1-COINC_FULL_DATA_FULL_CUMULATIVE_CAT_12H_6-1173902418-746582.hdf pool="local"
H1L1-COINC_FULL_DATA_FULL_CUMULATIVE_CAT_12H_7-1173902418-746582.hdf file:///hdfs/user/joshua.willis/pycbc/O2/open-box/analysis-10/C02-clean/full_data/H1L1-COINC_FULL_DATA_FULL_CUMULATIVE_CAT_12H_7-1173902418-746582.hdf pool="local"
H1L1-COINC_FULL_DATA_FULL_CUMULATIVE_CAT_12H_8-1173902418-746582.hdf file:///hdfs/user/joshua.willis/pycbc/O2/open-box/analysis-10/C02-clean/full_data/H1L1-COINC_FULL_DATA_FULL_CUMULATIVE_CAT_12H_8-1173902418-746582.hdf pool="local"
H1L1-COINC_FULL_DATA_FULL_CUMULATIVE_CAT_12H_9-1173902418-746582.hdf file:///hdfs/user/joshua.willis/pycbc/O2/open-box/analysis-10/C02-clean/full_data/H1L1-COINC_FULL_DATA_FULL_CUMULATIVE_CAT_12H_9-1173902418-746582.hdf pool="local"
H1L1-COINC_FULL_DATA_FULL_CUMULATIVE_CAT_12H_10-1173902418-746582.hdf file:///hdfs/user/joshua.willis/pycbc/O2/open-box/analysis-10/C02-clean/full_data/H1L1-COINC_FULL_DATA_FULL_CUMULATIVE_CAT_12H_10-1173902418-746582.hdf pool="local"
H1L1-COINC_FULL_DATA_FULL_CUMULATIVE_CAT_12H_11-1173902418-746582.hdf file:///hdfs/user/joshua.willis/pycbc/O2/open-box/analysis-10/C02-clean/full_data/H1L1-COINC_FULL_DATA_FULL_CUMULATIVE_CAT_12H_11-1173902418-746582.hdf pool="local"
H1L1-COINC_FULL_DATA_FULL_CUMULATIVE_CAT_12H_12-1173902418-746582.hdf file:///hdfs/user/joshua.willis/pycbc/O2/open-box/analysis-10/C02-clean/full_data/H1L1-COINC_FULL_DATA_FULL_CUMULATIVE_CAT_12H_12-1173902418-746582.hdf pool="local"
H1L1-COINC_FULL_DATA_FULL_CUMULATIVE_CAT_12H_13-1173902418-746582.hdf file:///hdfs/user/joshua.willis/pycbc/O2/open-box/analysis-10/C02-clean/full_data/H1L1-COINC_FULL_DATA_FULL_CUMULATIVE_CAT_12H_13-1173902418-746582.hdf pool="local"
H1L1-COINC_FULL_DATA_FULL_CUMULATIVE_CAT_12H_14-1173902418-746582.hdf file:///hdfs/user/joshua.willis/pycbc/O2/open-box/analysis-10/C02-clean/full_data/H1L1-COINC_FULL_DATA_FULL_CUMULATIVE_CAT_12H_14-1173902418-746582.hdf pool="local"
H1L1-COINC_FULL_DATA_FULL_CUMULATIVE_CAT_12H_15-1173902418-746582.hdf file:///hdfs/user/joshua.willis/pycbc/O2/open-box/analysis-10/C02-clean/full_data/H1L1-COINC_FULL_DATA_FULL_CUMULATIVE_CAT_12H_15-1173902418-746582.hdf pool="local"
H1L1-COINC_FULL_DATA_FULL_CUMULATIVE_CAT_12H_16-1173902418-746582.hdf file:///hdfs/user/joshua.willis/pycbc/O2/open-box/analysis-10/C02-clean/full_data/H1L1-COINC_FULL_DATA_FULL_CUMULATIVE_CAT_12H_16-1173902418-746582.hdf pool="local"
H1L1-COINC_FULL_DATA_FULL_CUMULATIVE_CAT_12H_17-1173902418-746582.hdf file:///hdfs/user/joshua.willis/pycbc/O2/open-box/analysis-10/C02-clean/full_data/H1L1-COINC_FULL_DATA_FULL_CUMULATIVE_CAT_12H_17-1173902418-746582.hdf pool="local"
H1L1-COINC_FULL_DATA_FULL_CUMULATIVE_CAT_12H_18-1173902418-746582.hdf file:///hdfs/user/joshua.willis/pycbc/O2/open-box/analysis-10/C02-clean/full_data/H1L1-COINC_FULL_DATA_FULL_CUMULATIVE_CAT_12H_18-1173902418-746582.hdf pool="local"
H1L1-COINC_FULL_DATA_FULL_CUMULATIVE_CAT_12H_19-1173902418-746582.hdf file:///hdfs/user/joshua.willis/pycbc/O2/open-box/analysis-10/C02-clean/full_data/H1L1-COINC_FULL_DATA_FULL_CUMULATIVE_CAT_12H_19-1173902418-746582.hdf pool="local"
H1L1-STATMAP_FULL_DATA_FULL_CUMULATIVE_CAT_12H_FULL_DATA_FULL-1173902418-746582.hdf file:///hdfs/user/joshua.willis/pycbc/O2/open-box/analysis-10/C02-clean/full_data/H1L1-STATMAP_FULL_DATA_FULL_CUMULATIVE_CAT_12H_FULL_DATA_FULL-1173902418-746582.hdf pool="local"
L1-MERGE_PSDS-1173902418-746582.hdf file:///hdfs/user/joshua.willis/pycbc/O2/open-box/analysis-10/C02-clean/psds/L1-MERGE_PSDS-1173902418-746582.hdf pool="local"
H1-MERGE_PSDS-1173902418-746582.hdf file:///hdfs/user/joshua.willis/pycbc/O2/open-box/analysis-10/C02-clean/psds/H1-MERGE_PSDS-1173902418-746582.hdf pool="local"
